// Jest Snapshot v1, https://goo.gl/fbAQLP

exports[`Render RouteForm correctly render correctly 1`] = `
<div
  className="route-form"
>
  <form
    className="form-input"
  >
    <label>
      Starting Location
    </label>
    <div
      className="form-input-controls"
    >
      <input
        onChange={[Function]}
        type="text"
      />
      <button
        onClick={[Function]}
        type="reset"
      >
        X
      </button>
    </div>
  </form>
  <form
    className="form-input"
  >
    <label>
      Drop-off point
    </label>
    <div
      className="form-input-controls"
    >
      <input
        onChange={[Function]}
        type="text"
      />
      <button
        onClick={[Function]}
        type="reset"
      >
        X
      </button>
    </div>
  </form>
  <div
    className="info-container"
  />
  <div
    className="get-route-btn"
  >
    <button
      className="submit-btn"
      disabled={true}
      onClick={[Function]}
    >
      Submit
    </button>
    <button
      className="reset-btn"
      onClick={[Function]}
      type="reset"
    >
      Reset
    </button>
  </div>
</div>
`;
